INFO 2025-12-16 15:15:35,454 autoreload Watching for file changes with StatReloader
INFO 2025-12-16 15:15:43,602 autoreload /media/banda/New Volume/mebelbot/mebelweb/main/views.py changed, reloading.
INFO 2025-12-16 15:15:43,829 autoreload Watching for file changes with StatReloader
INFO 2025-12-16 15:16:04,049 autoreload /media/banda/New Volume/mebelbot/mebelweb/main/views.py changed, reloading.
INFO 2025-12-16 15:16:04,275 autoreload Watching for file changes with StatReloader
INFO 2025-12-16 15:20:08,577 autoreload /media/banda/New Volume/mebelbot/mebelweb/mebelweb/settings.py changed, reloading.
INFO 2025-12-16 15:20:08,805 autoreload Watching for file changes with StatReloader
INFO 2025-12-16 15:21:46,204 autoreload Watching for file changes with StatReloader
INFO 2025-12-16 15:22:22,748 autoreload Watching for file changes with StatReloader
INFO 2025-12-16 15:22:33,001 basehttp "GET /login/?tg_id=6312926664&next=/ HTTP/1.1" 302 0
INFO 2025-12-16 15:22:33,502 basehttp "GET / HTTP/1.1" 200 13777
INFO 2025-12-16 15:22:38,248 basehttp "GET /category/1/ HTTP/1.1" 200 15279
WARNING 2025-12-16 15:22:38,906 log Not Found: /media/products/oddiy_PsVGtDC.jpg
WARNING 2025-12-16 15:22:38,906 basehttp "GET /media/products/oddiy_PsVGtDC.jpg HTTP/1.1" 404 179
INFO 2025-12-16 15:23:10,962 autoreload Watching for file changes with StatReloader
INFO 2025-12-16 15:23:50,274 autoreload /media/banda/New Volume/mebelbot/mebelweb/mebelweb/urls.py changed, reloading.
INFO 2025-12-16 15:23:50,513 autoreload Watching for file changes with StatReloader
INFO 2025-12-16 15:24:06,372 autoreload Watching for file changes with StatReloader
INFO 2025-12-16 15:24:15,691 basehttp "GET /login/?tg_id=6312926664&next=/ HTTP/1.1" 302 0
INFO 2025-12-16 15:24:16,134 basehttp "GET / HTTP/1.1" 200 13777
INFO 2025-12-16 15:24:19,037 basehttp "GET /category/1/ HTTP/1.1" 200 15279
INFO 2025-12-16 15:24:19,698 basehttp "GET /media/products/oddiy_PsVGtDC.jpg HTTP/1.1" 200 75830
INFO 2025-12-16 15:25:12,843 autoreload /media/banda/New Volume/mebelbot/mebelweb/mebelweb/urls.py changed, reloading.
INFO 2025-12-16 15:25:13,066 autoreload Watching for file changes with StatReloader
INFO 2025-12-16 15:25:17,210 autoreload /media/banda/New Volume/mebelbot/mebelweb/mebelweb/urls.py changed, reloading.
INFO 2025-12-16 15:25:17,434 autoreload Watching for file changes with StatReloader
